Release 14.6 - xst P.68d (nt64)
Copyright (c) 1995-2013 Xilinx, Inc.  All rights reserved.
--> Parameter TMPDIR set to xst/projnav.tmp


Total REAL time to Xst completion: 0.00 secs
Total CPU time to Xst completion: 0.16 secs
 
--> Parameter xsthdpdir set to xst


Total REAL time to Xst completion: 0.00 secs
Total CPU time to Xst completion: 0.16 secs
 
--> Reading design: timer32.prj

TABLE OF CONTENTS
  1) Synthesis Options Summary
  2) HDL Compilation
  3) Design Hierarchy Analysis
  4) HDL Analysis
  5) HDL Synthesis
     5.1) HDL Synthesis Report
  6) Advanced HDL Synthesis
     6.1) Advanced HDL Synthesis Report
  7) Low Level Synthesis
  8) Partition Report
  9) Final Report
	9.1) Device utilization summary
	9.2) Partition Resource Summary
	9.3) TIMING REPORT


=========================================================================
*                      Synthesis Options Summary                        *
=========================================================================
---- Source Parameters
Input File Name                    : "timer32.prj"
Input Format                       : mixed
Ignore Synthesis Constraint File   : NO

---- Target Parameters
Output File Name                   : "timer32"
Output Format                      : NGC
Target Device                      : xc3s100e-5-cp132

---- Source Options
Top Module Name                    : timer32
Automatic FSM Extraction           : YES
FSM Encoding Algorithm             : Auto
Safe Implementation                : No
FSM Style                          : LUT
RAM Extraction                     : Yes
RAM Style                          : Auto
ROM Extraction                     : Yes
Mux Style                          : Auto
Decoder Extraction                 : YES
Priority Encoder Extraction        : Yes
Shift Register Extraction          : YES
Logical Shifter Extraction         : YES
XOR Collapsing                     : YES
ROM Style                          : Auto
Mux Extraction                     : Yes
Resource Sharing                   : YES
Asynchronous To Synchronous        : NO
Multiplier Style                   : Auto
Automatic Register Balancing       : No

---- Target Options
Add IO Buffers                     : YES
Global Maximum Fanout              : 100000
Add Generic Clock Buffer(BUFG)     : 24
Register Duplication               : YES
Slice Packing                      : YES
Optimize Instantiated Primitives   : NO
Use Clock Enable                   : Yes
Use Synchronous Set                : Yes
Use Synchronous Reset              : Yes
Pack IO Registers into IOBs        : Auto
Equivalent register Removal        : YES

---- General Options
Optimization Goal                  : Speed
Optimization Effort                : 1
Keep Hierarchy                     : No
Netlist Hierarchy                  : As_Optimized
RTL Output                         : Yes
Global Optimization                : AllClockNets
Read Cores                         : YES
Write Timing Constraints           : NO
Cross Clock Analysis               : NO
Hierarchy Separator                : /
Bus Delimiter                      : <>
Case Specifier                     : Maintain
Slice Utilization Ratio            : 100
BRAM Utilization Ratio             : 100
Verilog 2001                       : YES
Auto BRAM Packing                  : NO
Slice Utilization Ratio Delta      : 5

=========================================================================


=========================================================================
*                          HDL Compilation                              *
=========================================================================
Compiling verilog file "timer32.v" in library work
Module <timer32> compiled
No errors in compilation
Analysis of file <"timer32.prj"> succeeded.
 

=========================================================================
*                     Design Hierarchy Analysis                         *
=========================================================================
Analyzing hierarchy for module <timer32> in library <work> with parameters.
	ENBIT = "0"
	PERIOD = "00000000000000000000000000001111"


=========================================================================
*                            HDL Analysis                               *
=========================================================================
Analyzing top module <timer32>.
	ENBIT = 1'b0
	PERIOD = 32'b00000000000000000000000000001111
Module <timer32> is correct for synthesis.
 

=========================================================================
*                           HDL Synthesis                               *
=========================================================================

Performing bidirectional port resolution...

Synthesizing Unit <timer32>.
    Related source file is "timer32.v".
    Found 3-bit register for signal <control>.
    Found 3-bit 4-to-1 multiplexer for signal <out<2:0>>.
    Found 32-bit register for signal <period>.
    Found 32-bit up counter for signal <timer>.
    Found 32-bit comparator equal for signal <timer$cmp_eq0000> created at line 66.
    Summary:
	inferred   1 Counter(s).
	inferred   3 D-type flip-flop(s).
	inferred   1 Comparator(s).
	inferred   3 Multiplexer(s).
Unit <timer32> synthesized.


=========================================================================
HDL Synthesis Report

Macro Statistics
# Counters                                             : 1
 32-bit up counter                                     : 1
# Registers                                            : 4
 1-bit register                                        : 3
 32-bit register                                       : 1
# Comparators                                          : 1
 32-bit comparator equal                               : 1
# Multiplexers                                         : 3
 1-bit 4-to-1 multiplexer                              : 3

=========================================================================

=========================================================================
*                       Advanced HDL Synthesis                          *
=========================================================================


=========================================================================
Advanced HDL Synthesis Report

Macro Statistics
# Counters                                             : 1
 32-bit up counter                                     : 1
# Registers                                            : 35
 Flip-Flops                                            : 35
# Comparators                                          : 1
 32-bit comparator equal                               : 1
# Multiplexers                                         : 3
 1-bit 4-to-1 multiplexer                              : 3

=========================================================================

=========================================================================
*                         Low Level Synthesis                           *
=========================================================================

Optimizing unit <timer32> ...

Mapping all equations...
Building and optimizing final netlist ...
Found area constraint ratio of 100 (+ 5) on block timer32, actual ratio is 5.

Final Macro Processing ...

=========================================================================
Final Register Report

Macro Statistics
# Registers                                            : 67
 Flip-Flops                                            : 67

=========================================================================

=========================================================================
*                           Partition Report                            *
=========================================================================

Partition Implementation Status
-------------------------------

  No Partitions were found in this design.

-------------------------------

=========================================================================
*                            Final Report                               *
=========================================================================
Final Results
RTL Top Level Output File Name     : timer32.ngr
Top Level Output File Name         : timer32
Output Format                      : NGC
Optimization Goal                  : Speed
Keep Hierarchy                     : No

Design Statistics
# IOs                              : 70

Cell Usage :
# BELS                             : 181
#      GND                         : 1
#      INV                         : 2
#      LUT2                        : 1
#      LUT3                        : 39
#      LUT4                        : 53
#      MUXCY                       : 47
#      MUXF5                       : 5
#      VCC                         : 1
#      XORCY                       : 32
# FlipFlops/Latches                : 67
#      FDC                         : 1
#      FDCE                        : 62
#      FDPE                        : 4
# Clock Buffers                    : 1
#      BUFGP                       : 1
# IO Buffers                       : 69
#      IBUF                        : 37
#      OBUF                        : 32
=========================================================================

Device utilization summary:
---------------------------

Selected Device : 3s100ecp132-5 

 Number of Slices:                       50  out of    960     5%  
 Number of Slice Flip Flops:             67  out of   1920     3%  
 Number of 4 input LUTs:                 95  out of   1920     4%  
 Number of IOs:                          70
 Number of bonded IOBs:                  70  out of     83    84%  
 Number of GCLKs:                         1  out of     24     4%  

---------------------------
Partition Resource Summary:
---------------------------

  No Partitions were found in this design.

---------------------------


=========================================================================
TIMING REPORT

NOTE: THESE TIMING NUMBERS ARE ONLY A SYNTHESIS ESTIMATE.
      FOR ACCURATE TIMING INFORMATION PLEASE REFER TO THE TRACE REPORT
      GENERATED AFTER PLACE-and-ROUTE.

Clock Information:
------------------
-----------------------------------+------------------------+-------+
Clock Signal                       | Clock buffer(FF name)  | Load  |
-----------------------------------+------------------------+-------+
clk                                | BUFGP                  | 67    |
-----------------------------------+------------------------+-------+

Asynchronous Control Signals Information:
----------------------------------------
-----------------------------------+------------------------+-------+
Control Signal                     | Buffer(FF name)        | Load  |
-----------------------------------+------------------------+-------+
reset                              | IBUF                   | 67    |
-----------------------------------+------------------------+-------+

Timing Summary:
---------------
Speed Grade: -5

   Minimum period: 7.815ns (Maximum Frequency: 127.965MHz)
   Minimum input arrival time before clock: 4.410ns
   Maximum output required time after clock: 5.533ns
   Maximum combinational path delay: 8.025ns

Timing Detail:
--------------
All values displayed in nanoseconds (ns)

=========================================================================
Timing constraint: Default period analysis for Clock 'clk'
  Clock period: 7.815ns (frequency: 127.965MHz)
  Total number of paths / destination ports: 38709 / 67
-------------------------------------------------------------------------
Delay:               7.815ns (Levels of Logic = 50)
  Source:            period_1 (FF)
  Destination:       timer_31 (FF)
  Source Clock:      clk rising
  Destination Clock: clk rising

  Data Path: period_1 to timer_31
                                Gate     Net
    Cell:in->out      fanout   Delay   Delay  Logical Name (Net Name)
    ----------------------------------------  ------------
     FDPE:C->Q             2   0.514   0.532  period_1 (period_1)
     LUT4:I0->O            1   0.612   0.000  Mcompar_timer_cmp_eq0000_lut<0> (Mcompar_timer_cmp_eq0000_lut<0>)
     MUXCY:S->O            1   0.404   0.000  Mcompar_timer_cmp_eq0000_cy<0> (Mcompar_timer_cmp_eq0000_cy<0>)
     MUXCY:CI->O           1   0.051   0.000  Mcompar_timer_cmp_eq0000_cy<1> (Mcompar_timer_cmp_eq0000_cy<1>)
     MUXCY:CI->O           1   0.051   0.000  Mcompar_timer_cmp_eq0000_cy<2> (Mcompar_timer_cmp_eq0000_cy<2>)
     MUXCY:CI->O           1   0.051   0.000  Mcompar_timer_cmp_eq0000_cy<3> (Mcompar_timer_cmp_eq0000_cy<3>)
     MUXCY:CI->O           1   0.051   0.000  Mcompar_timer_cmp_eq0000_cy<4> (Mcompar_timer_cmp_eq0000_cy<4>)
     MUXCY:CI->O           1   0.051   0.000  Mcompar_timer_cmp_eq0000_cy<5> (Mcompar_timer_cmp_eq0000_cy<5>)
     MUXCY:CI->O           1   0.051   0.000  Mcompar_timer_cmp_eq0000_cy<6> (Mcompar_timer_cmp_eq0000_cy<6>)
     MUXCY:CI->O           1   0.051   0.000  Mcompar_timer_cmp_eq0000_cy<7> (Mcompar_timer_cmp_eq0000_cy<7>)
     MUXCY:CI->O           1   0.051   0.000  Mcompar_timer_cmp_eq0000_cy<8> (Mcompar_timer_cmp_eq0000_cy<8>)
     MUXCY:CI->O           1   0.051   0.000  Mcompar_timer_cmp_eq0000_cy<9> (Mcompar_timer_cmp_eq0000_cy<9>)
     MUXCY:CI->O           1   0.051   0.000  Mcompar_timer_cmp_eq0000_cy<10> (Mcompar_timer_cmp_eq0000_cy<10>)
     MUXCY:CI->O           1   0.051   0.000  Mcompar_timer_cmp_eq0000_cy<11> (Mcompar_timer_cmp_eq0000_cy<11>)
     MUXCY:CI->O           1   0.051   0.000  Mcompar_timer_cmp_eq0000_cy<12> (Mcompar_timer_cmp_eq0000_cy<12>)
     MUXCY:CI->O           1   0.051   0.000  Mcompar_timer_cmp_eq0000_cy<13> (Mcompar_timer_cmp_eq0000_cy<13>)
     MUXCY:CI->O           1   0.051   0.000  Mcompar_timer_cmp_eq0000_cy<14> (Mcompar_timer_cmp_eq0000_cy<14>)
     MUXCY:CI->O          37   0.399   1.104  Mcompar_timer_cmp_eq0000_cy<15> (Mcompar_timer_cmp_eq0000_cy<15>)
     LUT3:I2->O            1   0.612   0.000  Mcount_timer_lut<0> (Mcount_timer_lut<0>)
     MUXCY:S->O            1   0.404   0.000  Mcount_timer_cy<0> (Mcount_timer_cy<0>)
     MUXCY:CI->O           1   0.052   0.000  Mcount_timer_cy<1> (Mcount_timer_cy<1>)
     MUXCY:CI->O           1   0.052   0.000  Mcount_timer_cy<2> (Mcount_timer_cy<2>)
     MUXCY:CI->O           1   0.052   0.000  Mcount_timer_cy<3> (Mcount_timer_cy<3>)
     MUXCY:CI->O           1   0.052   0.000  Mcount_timer_cy<4> (Mcount_timer_cy<4>)
     MUXCY:CI->O           1   0.052   0.000  Mcount_timer_cy<5> (Mcount_timer_cy<5>)
     MUXCY:CI->O           1   0.052   0.000  Mcount_timer_cy<6> (Mcount_timer_cy<6>)
     MUXCY:CI->O           1   0.052   0.000  Mcount_timer_cy<7> (Mcount_timer_cy<7>)
     MUXCY:CI->O           1   0.052   0.000  Mcount_timer_cy<8> (Mcount_timer_cy<8>)
     MUXCY:CI->O           1   0.052   0.000  Mcount_timer_cy<9> (Mcount_timer_cy<9>)
     MUXCY:CI->O           1   0.052   0.000  Mcount_timer_cy<10> (Mcount_timer_cy<10>)
     MUXCY:CI->O           1   0.051   0.000  Mcount_timer_cy<11> (Mcount_timer_cy<11>)
     MUXCY:CI->O           1   0.051   0.000  Mcount_timer_cy<12> (Mcount_timer_cy<12>)
     MUXCY:CI->O           1   0.051   0.000  Mcount_timer_cy<13> (Mcount_timer_cy<13>)
     MUXCY:CI->O           1   0.051   0.000  Mcount_timer_cy<14> (Mcount_timer_cy<14>)
     MUXCY:CI->O           1   0.051   0.000  Mcount_timer_cy<15> (Mcount_timer_cy<15>)
     MUXCY:CI->O           1   0.051   0.000  Mcount_timer_cy<16> (Mcount_timer_cy<16>)
     MUXCY:CI->O           1   0.051   0.000  Mcount_timer_cy<17> (Mcount_timer_cy<17>)
     MUXCY:CI->O           1   0.051   0.000  Mcount_timer_cy<18> (Mcount_timer_cy<18>)
     MUXCY:CI->O           1   0.051   0.000  Mcount_timer_cy<19> (Mcount_timer_cy<19>)
     MUXCY:CI->O           1   0.051   0.000  Mcount_timer_cy<20> (Mcount_timer_cy<20>)
     MUXCY:CI->O           1   0.051   0.000  Mcount_timer_cy<21> (Mcount_timer_cy<21>)
     MUXCY:CI->O           1   0.051   0.000  Mcount_timer_cy<22> (Mcount_timer_cy<22>)
     MUXCY:CI->O           1   0.051   0.000  Mcount_timer_cy<23> (Mcount_timer_cy<23>)
     MUXCY:CI->O           1   0.051   0.000  Mcount_timer_cy<24> (Mcount_timer_cy<24>)
     MUXCY:CI->O           1   0.051   0.000  Mcount_timer_cy<25> (Mcount_timer_cy<25>)
     MUXCY:CI->O           1   0.051   0.000  Mcount_timer_cy<26> (Mcount_timer_cy<26>)
     MUXCY:CI->O           1   0.051   0.000  Mcount_timer_cy<27> (Mcount_timer_cy<27>)
     MUXCY:CI->O           1   0.051   0.000  Mcount_timer_cy<28> (Mcount_timer_cy<28>)
     MUXCY:CI->O           1   0.051   0.000  Mcount_timer_cy<29> (Mcount_timer_cy<29>)
     MUXCY:CI->O           0   0.051   0.000  Mcount_timer_cy<30> (Mcount_timer_cy<30>)
     XORCY:CI->O           1   0.699   0.000  Mcount_timer_xor<31> (Mcount_timer31)
     FDCE:D                    0.268          timer_31
    ----------------------------------------
    Total                      7.815ns (6.178ns logic, 1.636ns route)
                                       (79.1% logic, 20.9% route)

=========================================================================
Timing constraint: Default OFFSET IN BEFORE for Clock 'clk'
  Total number of paths / destination ports: 148 / 69
-------------------------------------------------------------------------
Offset:              4.410ns (Levels of Logic = 4)
  Source:            addr<0> (PAD)
  Destination:       control_1 (FF)
  Destination Clock: clk rising

  Data Path: addr<0> to control_1
                                Gate     Net
    Cell:in->out      fanout   Delay   Delay  Logical Name (Net Name)
    ----------------------------------------  ------------
     IBUF:I->O            14   1.106   1.002  addr_0_IBUF (addr_0_IBUF)
     LUT4:I0->O            2   0.612   0.532  control_1_mux000135 (control_1_mux000135)
     LUT4:I0->O            1   0.612   0.000  control_1_mux000141_F (N22)
     MUXF5:I0->O           1   0.278   0.000  control_1_mux000141 (control_1_mux0001)
     FDC:D                     0.268          control_1
    ----------------------------------------
    Total                      4.410ns (2.876ns logic, 1.534ns route)
                                       (65.2% logic, 34.8% route)

=========================================================================
Timing constraint: Default OFFSET OUT AFTER for Clock 'clk'
  Total number of paths / destination ports: 67 / 32
-------------------------------------------------------------------------
Offset:              5.533ns (Levels of Logic = 3)
  Source:            timer_2 (FF)
  Destination:       dout<2> (PAD)
  Source Clock:      clk rising

  Data Path: timer_2 to dout<2>
                                Gate     Net
    Cell:in->out      fanout   Delay   Delay  Logical Name (Net Name)
    ----------------------------------------  ------------
     FDCE:C->Q             3   0.514   0.603  timer_2 (timer_2)
     LUT4:I0->O            1   0.612   0.000  out2<2>_F (N16)
     MUXF5:I0->O           1   0.278   0.357  out2<2> (dout_2_OBUF)
     OBUF:I->O                 3.169          dout_2_OBUF (dout<2>)
    ----------------------------------------
    Total                      5.533ns (4.573ns logic, 0.960ns route)
                                       (82.6% logic, 17.4% route)

=========================================================================
Timing constraint: Default path analysis
  Total number of paths / destination ports: 189 / 32
-------------------------------------------------------------------------
Delay:               8.025ns (Levels of Logic = 4)
  Source:            addr<1> (PAD)
  Destination:       dout<31> (PAD)

  Data Path: addr<1> to dout<31>
                                Gate     Net
    Cell:in->out      fanout   Delay   Delay  Logical Name (Net Name)
    ----------------------------------------  ------------
     IBUF:I->O            11   1.106   0.945  addr_1_IBUF (addr_1_IBUF)
     LUT3:I0->O           29   0.612   1.224  out2<0>11 (N11)
     LUT4:I0->O            1   0.612   0.357  out2<9>1 (dout_9_OBUF)
     OBUF:I->O                 3.169          dout_9_OBUF (dout<9>)
    ----------------------------------------
    Total                      8.025ns (5.499ns logic, 2.526ns route)
                                       (68.5% logic, 31.5% route)

=========================================================================


Total REAL time to Xst completion: 5.00 secs
Total CPU time to Xst completion: 4.85 secs
 
--> 

Total memory usage is 244344 kilobytes

Number of errors   :    0 (   0 filtered)
Number of warnings :    0 (   0 filtered)
Number of infos    :    0 (   0 filtered)

