--------------------------------------------------------------------------------
Release 14.6 Trace  (nt64)
Copyright (c) 1995-2013 Xilinx, Inc.  All rights reserved.

C:\Xilinx\14.6\ISE_DS\ISE\bin\nt64\unwrapped\trce.exe -intstyle ise -v 3 -s 5
-n 3 -fastpaths -xml timer32.twx timer32.ncd -o timer32.twr timer32.pcf

Design file:              timer32.ncd
Physical constraint file: timer32.pcf
Device,package,speed:     xc3s100e,cp132,-5 (PRODUCTION 1.27 2013-06-08)
Report level:             verbose report

Environment Variable      Effect 
--------------------      ------ 
NONE                      No environment variables were set
--------------------------------------------------------------------------------

INFO:Timing:2698 - No timing constraints found, doing default enumeration.
INFO:Timing:3412 - To improve timing, see the Timing Closure User Guide (UG612).
INFO:Timing:2752 - To get complete path coverage, use the unconstrained paths 
   option. All paths that are not constrained will be reported in the 
   unconstrained paths section(s) of the report.
INFO:Timing:3339 - The clock-to-out numbers in this timing report are based on 
   a 50 Ohm transmission line loading model.  For the details of this model, 
   and for more information on accounting for different loading conditions, 
   please see the device datasheet.
INFO:Timing:3390 - This architecture does not support a default System Jitter 
   value, please add SYSTEM_JITTER constraint to the UCF to modify the Clock 
   Uncertainty calculation.
INFO:Timing:3389 - This architecture does not support 'Discrete Jitter' and 
   'Phase Error' calculations, these terms will be zero in the Clock 
   Uncertainty calculation.  Please make appropriate modification to 
   SYSTEM_JITTER to account for the unsupported Discrete Jitter and Phase 
   Error.



Data Sheet report:
-----------------
All values displayed in nanoseconds (ns)

Setup/Hold to clock clk
------------+------------+------------+------------------+--------+
            |Max Setup to|Max Hold to |                  | Clock  |
Source      | clk (edge) | clk (edge) |Internal Clock(s) | Phase  |
------------+------------+------------+------------------+--------+
addr<0>     |    2.229(R)|    0.138(R)|clk_BUFGP         |   0.000|
addr<1>     |    2.245(R)|    0.374(R)|clk_BUFGP         |   0.000|
din<0>      |    0.728(R)|    0.921(R)|clk_BUFGP         |   0.000|
din<1>      |    0.764(R)|    0.710(R)|clk_BUFGP         |   0.000|
din<2>      |    0.730(R)|    0.664(R)|clk_BUFGP         |   0.000|
din<3>      |    0.215(R)|    0.924(R)|clk_BUFGP         |   0.000|
din<4>      |    0.726(R)|    0.516(R)|clk_BUFGP         |   0.000|
din<5>      |    1.047(R)|    0.259(R)|clk_BUFGP         |   0.000|
din<6>      |    1.039(R)|    0.265(R)|clk_BUFGP         |   0.000|
din<7>      |    0.331(R)|    0.832(R)|clk_BUFGP         |   0.000|
din<8>      |    1.123(R)|    0.197(R)|clk_BUFGP         |   0.000|
din<9>      |    0.900(R)|    0.376(R)|clk_BUFGP         |   0.000|
din<10>     |    0.784(R)|    0.470(R)|clk_BUFGP         |   0.000|
din<11>     |    0.713(R)|    0.526(R)|clk_BUFGP         |   0.000|
din<12>     |    0.849(R)|    0.417(R)|clk_BUFGP         |   0.000|
din<13>     |    0.661(R)|    0.568(R)|clk_BUFGP         |   0.000|
din<14>     |    0.809(R)|    0.449(R)|clk_BUFGP         |   0.000|
din<15>     |    0.770(R)|    0.481(R)|clk_BUFGP         |   0.000|
din<16>     |    0.794(R)|    0.461(R)|clk_BUFGP         |   0.000|
din<17>     |    0.560(R)|    0.648(R)|clk_BUFGP         |   0.000|
din<18>     |    0.314(R)|    0.845(R)|clk_BUFGP         |   0.000|
din<19>     |    0.314(R)|    0.846(R)|clk_BUFGP         |   0.000|
din<20>     |    0.101(R)|    1.016(R)|clk_BUFGP         |   0.000|
din<21>     |    0.325(R)|    0.836(R)|clk_BUFGP         |   0.000|
din<22>     |    0.766(R)|    0.484(R)|clk_BUFGP         |   0.000|
din<23>     |    0.543(R)|    0.662(R)|clk_BUFGP         |   0.000|
din<24>     |    0.359(R)|    0.810(R)|clk_BUFGP         |   0.000|
din<25>     |    0.357(R)|    0.812(R)|clk_BUFGP         |   0.000|
din<26>     |    0.579(R)|    0.634(R)|clk_BUFGP         |   0.000|
din<27>     |    0.565(R)|    0.645(R)|clk_BUFGP         |   0.000|
din<28>     |    1.557(R)|   -0.150(R)|clk_BUFGP         |   0.000|
din<29>     |    2.048(R)|   -0.543(R)|clk_BUFGP         |   0.000|
din<30>     |    0.927(R)|    0.355(R)|clk_BUFGP         |   0.000|
din<31>     |    1.148(R)|    0.178(R)|clk_BUFGP         |   0.000|
rden        |    1.118(R)|    0.202(R)|clk_BUFGP         |   0.000|
wren        |    2.614(R)|    0.087(R)|clk_BUFGP         |   0.000|
------------+------------+------------+------------------+--------+

Clock clk to Pad
------------+------------+------------------+--------+
            | clk (edge) |                  | Clock  |
Destination |   to PAD   |Internal Clock(s) | Phase  |
------------+------------+------------------+--------+
dout<0>     |    9.220(R)|clk_BUFGP         |   0.000|
dout<1>     |    9.901(R)|clk_BUFGP         |   0.000|
dout<2>     |    9.159(R)|clk_BUFGP         |   0.000|
dout<3>     |    8.923(R)|clk_BUFGP         |   0.000|
dout<4>     |    8.967(R)|clk_BUFGP         |   0.000|
dout<5>     |    9.776(R)|clk_BUFGP         |   0.000|
dout<6>     |    8.676(R)|clk_BUFGP         |   0.000|
dout<7>     |    9.025(R)|clk_BUFGP         |   0.000|
dout<8>     |    8.935(R)|clk_BUFGP         |   0.000|
dout<9>     |    9.617(R)|clk_BUFGP         |   0.000|
dout<10>    |    9.397(R)|clk_BUFGP         |   0.000|
dout<11>    |    9.422(R)|clk_BUFGP         |   0.000|
dout<12>    |    8.798(R)|clk_BUFGP         |   0.000|
dout<13>    |    9.316(R)|clk_BUFGP         |   0.000|
dout<14>    |    9.399(R)|clk_BUFGP         |   0.000|
dout<15>    |    9.425(R)|clk_BUFGP         |   0.000|
dout<16>    |   10.324(R)|clk_BUFGP         |   0.000|
dout<17>    |   10.014(R)|clk_BUFGP         |   0.000|
dout<18>    |    9.709(R)|clk_BUFGP         |   0.000|
dout<19>    |    8.531(R)|clk_BUFGP         |   0.000|
dout<20>    |    9.253(R)|clk_BUFGP         |   0.000|
dout<21>    |    9.135(R)|clk_BUFGP         |   0.000|
dout<22>    |    9.139(R)|clk_BUFGP         |   0.000|
dout<23>    |    8.941(R)|clk_BUFGP         |   0.000|
dout<24>    |    9.031(R)|clk_BUFGP         |   0.000|
dout<25>    |    8.739(R)|clk_BUFGP         |   0.000|
dout<26>    |    8.688(R)|clk_BUFGP         |   0.000|
dout<27>    |    9.220(R)|clk_BUFGP         |   0.000|
dout<28>    |    9.338(R)|clk_BUFGP         |   0.000|
dout<29>    |    8.741(R)|clk_BUFGP         |   0.000|
dout<30>    |    9.805(R)|clk_BUFGP         |   0.000|
dout<31>    |    9.020(R)|clk_BUFGP         |   0.000|
------------+------------+------------------+--------+

Clock to Setup on destination clock clk
---------------+---------+---------+---------+---------+
               | Src:Rise| Src:Fall| Src:Rise| Src:Fall|
Source Clock   |Dest:Rise|Dest:Rise|Dest:Fall|Dest:Fall|
---------------+---------+---------+---------+---------+
clk            |    7.528|         |         |         |
---------------+---------+---------+---------+---------+

Pad to Pad
---------------+---------------+---------+
Source Pad     |Destination Pad|  Delay  |
---------------+---------------+---------+
addr<0>        |dout<0>        |    8.082|
addr<0>        |dout<1>        |    8.346|
addr<0>        |dout<2>        |    7.716|
addr<0>        |dout<3>        |    9.790|
addr<0>        |dout<4>        |    9.922|
addr<0>        |dout<5>        |    9.638|
addr<0>        |dout<6>        |   10.228|
addr<0>        |dout<7>        |   10.209|
addr<0>        |dout<8>        |    9.644|
addr<0>        |dout<9>        |    9.704|
addr<0>        |dout<10>       |    9.887|
addr<0>        |dout<11>       |   10.227|
addr<0>        |dout<12>       |   10.117|
addr<0>        |dout<13>       |   10.436|
addr<0>        |dout<14>       |    9.661|
addr<0>        |dout<15>       |    9.623|
addr<0>        |dout<16>       |    9.871|
addr<0>        |dout<17>       |   10.909|
addr<0>        |dout<18>       |   10.261|
addr<0>        |dout<19>       |    9.755|
addr<0>        |dout<20>       |    9.918|
addr<0>        |dout<21>       |    9.702|
addr<0>        |dout<22>       |    9.228|
addr<0>        |dout<23>       |    9.618|
addr<0>        |dout<24>       |    9.902|
addr<0>        |dout<25>       |    9.079|
addr<0>        |dout<26>       |    9.239|
addr<0>        |dout<27>       |    9.942|
addr<0>        |dout<28>       |   10.087|
addr<0>        |dout<29>       |    9.571|
addr<0>        |dout<30>       |    9.048|
addr<0>        |dout<31>       |    9.881|
addr<1>        |dout<0>        |    8.268|
addr<1>        |dout<1>        |    8.007|
addr<1>        |dout<2>        |    7.707|
addr<1>        |dout<3>        |    9.520|
addr<1>        |dout<4>        |    9.652|
addr<1>        |dout<5>        |    9.368|
addr<1>        |dout<6>        |    9.958|
addr<1>        |dout<7>        |    9.939|
addr<1>        |dout<8>        |    9.374|
addr<1>        |dout<9>        |    9.434|
addr<1>        |dout<10>       |    9.617|
addr<1>        |dout<11>       |    9.957|
addr<1>        |dout<12>       |    9.847|
addr<1>        |dout<13>       |   10.166|
addr<1>        |dout<14>       |    9.391|
addr<1>        |dout<15>       |    9.353|
addr<1>        |dout<16>       |    9.806|
addr<1>        |dout<17>       |   10.639|
addr<1>        |dout<18>       |   10.196|
addr<1>        |dout<19>       |    9.690|
addr<1>        |dout<20>       |    9.648|
addr<1>        |dout<21>       |    9.637|
addr<1>        |dout<22>       |    8.958|
addr<1>        |dout<23>       |    9.348|
addr<1>        |dout<24>       |    9.837|
addr<1>        |dout<25>       |    8.809|
addr<1>        |dout<26>       |    9.174|
addr<1>        |dout<27>       |    9.684|
addr<1>        |dout<28>       |    9.817|
addr<1>        |dout<29>       |    9.301|
addr<1>        |dout<30>       |    8.983|
addr<1>        |dout<31>       |    9.816|
rden           |dout<0>        |    7.718|
rden           |dout<1>        |    8.482|
rden           |dout<2>        |    8.024|
rden           |dout<3>        |    9.678|
rden           |dout<4>        |    9.810|
rden           |dout<5>        |    9.526|
rden           |dout<6>        |   10.116|
rden           |dout<7>        |   10.097|
rden           |dout<8>        |    9.532|
rden           |dout<9>        |    9.592|
rden           |dout<10>       |    9.775|
rden           |dout<11>       |   10.115|
rden           |dout<12>       |   10.005|
rden           |dout<13>       |   10.324|
rden           |dout<14>       |    9.549|
rden           |dout<15>       |    9.511|
rden           |dout<16>       |   10.007|
rden           |dout<17>       |   10.797|
rden           |dout<18>       |   10.397|
rden           |dout<19>       |    9.891|
rden           |dout<20>       |    9.806|
rden           |dout<21>       |    9.838|
rden           |dout<22>       |    9.116|
rden           |dout<23>       |    9.506|
rden           |dout<24>       |   10.038|
rden           |dout<25>       |    8.967|
rden           |dout<26>       |    9.375|
rden           |dout<27>       |    9.885|
rden           |dout<28>       |    9.975|
rden           |dout<29>       |    9.459|
rden           |dout<30>       |    9.184|
rden           |dout<31>       |   10.017|
---------------+---------------+---------+


Analysis completed Thu Oct 02 11:45:15 2014 
--------------------------------------------------------------------------------

Trace Settings:
-------------------------
Trace Settings 

Peak Memory Usage: 164 MB



