--------------------------------------------------------------------------------
Release 14.6 Trace  (nt64)
Copyright (c) 1995-2013 Xilinx, Inc.  All rights reserved.

C:\Xilinx\14.6\ISE_DS\ISE\bin\nt64\unwrapped\trce.exe -intstyle ise -v 3 -s 5
-n 3 -fastpaths -xml satadd.twx satadd.ncd -o satadd.twr satadd.pcf

Design file:              satadd.ncd
Physical constraint file: satadd.pcf
Device,package,speed:     xc3s50,cp132,-5 (PRODUCTION 1.39 2013-06-08)
Report level:             verbose report

Environment Variable      Effect 
--------------------      ------ 
NONE                      No environment variables were set
--------------------------------------------------------------------------------

INFO:Timing:2698 - No timing constraints found, doing default enumeration.
INFO:Timing:3412 - To improve timing, see the Timing Closure User Guide (UG612).
INFO:Timing:2752 - To get complete path coverage, use the unconstrained paths 
   option. All paths that are not constrained will be reported in the 
   unconstrained paths section(s) of the report.
INFO:Timing:3339 - The clock-to-out numbers in this timing report are based on 
   a 50 Ohm transmission line loading model.  For the details of this model, 
   and for more information on accounting for different loading conditions, 
   please see the device datasheet.
INFO:Timing:3390 - This architecture does not support a default System Jitter 
   value, please add SYSTEM_JITTER constraint to the UCF to modify the Clock 
   Uncertainty calculation.
INFO:Timing:3389 - This architecture does not support 'Discrete Jitter' and 
   'Phase Error' calculations, these terms will be zero in the Clock 
   Uncertainty calculation.  Please make appropriate modification to 
   SYSTEM_JITTER to account for the unsupported Discrete Jitter and Phase 
   Error.



Data Sheet report:
-----------------
All values displayed in nanoseconds (ns)

Pad to Pad
---------------+---------------+---------+
Source Pad     |Destination Pad|  Delay  |
---------------+---------------+---------+
a<0>           |y<0>           |   12.855|
a<0>           |y<1>           |   12.901|
a<0>           |y<2>           |   12.600|
a<0>           |y<3>           |   13.096|
a<0>           |y<4>           |   13.403|
a<0>           |y<5>           |   13.183|
a<0>           |y<6>           |   12.900|
a<0>           |y<7>           |   13.443|
a<0>           |y<8>           |   13.343|
a<0>           |y<9>           |   12.665|
a<0>           |y<10>          |   12.457|
a<0>           |y<11>          |   11.659|
a<1>           |y<0>           |   12.848|
a<1>           |y<1>           |   12.894|
a<1>           |y<2>           |   12.593|
a<1>           |y<3>           |   13.089|
a<1>           |y<4>           |   13.396|
a<1>           |y<5>           |   13.176|
a<1>           |y<6>           |   12.893|
a<1>           |y<7>           |   13.436|
a<1>           |y<8>           |   13.336|
a<1>           |y<9>           |   12.658|
a<1>           |y<10>          |   12.450|
a<1>           |y<11>          |   11.652|
a<2>           |y<0>           |   12.492|
a<2>           |y<1>           |   12.538|
a<2>           |y<2>           |   12.237|
a<2>           |y<3>           |   12.733|
a<2>           |y<4>           |   13.040|
a<2>           |y<5>           |   12.820|
a<2>           |y<6>           |   12.537|
a<2>           |y<7>           |   13.080|
a<2>           |y<8>           |   12.980|
a<2>           |y<9>           |   12.302|
a<2>           |y<10>          |   12.094|
a<2>           |y<11>          |   11.296|
a<3>           |y<0>           |   12.480|
a<3>           |y<1>           |   12.526|
a<3>           |y<2>           |   12.225|
a<3>           |y<3>           |   12.721|
a<3>           |y<4>           |   13.028|
a<3>           |y<5>           |   12.808|
a<3>           |y<6>           |   12.525|
a<3>           |y<7>           |   13.068|
a<3>           |y<8>           |   12.968|
a<3>           |y<9>           |   12.290|
a<3>           |y<10>          |   12.082|
a<3>           |y<11>          |   11.284|
a<4>           |y<0>           |   11.928|
a<4>           |y<1>           |   11.974|
a<4>           |y<2>           |   11.673|
a<4>           |y<3>           |   12.169|
a<4>           |y<4>           |   12.476|
a<4>           |y<5>           |   12.256|
a<4>           |y<6>           |   11.973|
a<4>           |y<7>           |   12.516|
a<4>           |y<8>           |   12.416|
a<4>           |y<9>           |   11.738|
a<4>           |y<10>          |   11.530|
a<4>           |y<11>          |   10.732|
a<5>           |y<0>           |   12.035|
a<5>           |y<1>           |   12.081|
a<5>           |y<2>           |   11.780|
a<5>           |y<3>           |   12.276|
a<5>           |y<4>           |   12.583|
a<5>           |y<5>           |   12.363|
a<5>           |y<6>           |   12.080|
a<5>           |y<7>           |   12.623|
a<5>           |y<8>           |   12.523|
a<5>           |y<9>           |   11.845|
a<5>           |y<10>          |   11.637|
a<5>           |y<11>          |   10.839|
a<6>           |y<0>           |   12.379|
a<6>           |y<1>           |   12.425|
a<6>           |y<2>           |   12.124|
a<6>           |y<3>           |   12.620|
a<6>           |y<4>           |   12.927|
a<6>           |y<5>           |   12.707|
a<6>           |y<6>           |   12.424|
a<6>           |y<7>           |   12.967|
a<6>           |y<8>           |   12.867|
a<6>           |y<9>           |   12.189|
a<6>           |y<10>          |   11.981|
a<6>           |y<11>          |   11.183|
a<7>           |y<0>           |   12.365|
a<7>           |y<1>           |   12.411|
a<7>           |y<2>           |   12.110|
a<7>           |y<3>           |   12.606|
a<7>           |y<4>           |   12.913|
a<7>           |y<5>           |   12.693|
a<7>           |y<6>           |   12.410|
a<7>           |y<7>           |   12.953|
a<7>           |y<8>           |   12.853|
a<7>           |y<9>           |   12.175|
a<7>           |y<10>          |   11.967|
a<7>           |y<11>          |   11.169|
a<8>           |y<0>           |   12.022|
a<8>           |y<1>           |   12.068|
a<8>           |y<2>           |   11.767|
a<8>           |y<3>           |   12.263|
a<8>           |y<4>           |   12.570|
a<8>           |y<5>           |   12.350|
a<8>           |y<6>           |   12.067|
a<8>           |y<7>           |   12.610|
a<8>           |y<8>           |   12.510|
a<8>           |y<9>           |   11.832|
a<8>           |y<10>          |   11.624|
a<8>           |y<11>          |   10.826|
a<9>           |y<0>           |   11.648|
a<9>           |y<1>           |   11.694|
a<9>           |y<2>           |   11.393|
a<9>           |y<3>           |   11.889|
a<9>           |y<4>           |   12.196|
a<9>           |y<5>           |   11.976|
a<9>           |y<6>           |   11.693|
a<9>           |y<7>           |   12.236|
a<9>           |y<8>           |   12.136|
a<9>           |y<9>           |   11.458|
a<9>           |y<10>          |   11.250|
a<9>           |y<11>          |   10.452|
a<10>          |y<0>           |   11.403|
a<10>          |y<1>           |   11.449|
a<10>          |y<2>           |   11.148|
a<10>          |y<3>           |   11.644|
a<10>          |y<4>           |   11.951|
a<10>          |y<5>           |   11.731|
a<10>          |y<6>           |   11.448|
a<10>          |y<7>           |   11.991|
a<10>          |y<8>           |   11.891|
a<10>          |y<9>           |   11.213|
a<10>          |y<10>          |   11.005|
a<10>          |y<11>          |   10.207|
a<11>          |y<0>           |   11.463|
a<11>          |y<1>           |   11.509|
a<11>          |y<2>           |   11.249|
a<11>          |y<3>           |   11.740|
a<11>          |y<4>           |   12.052|
a<11>          |y<5>           |   11.832|
a<11>          |y<6>           |   11.549|
a<11>          |y<7>           |   12.092|
a<11>          |y<8>           |   11.992|
a<11>          |y<9>           |   11.314|
a<11>          |y<10>          |   11.106|
a<11>          |y<11>          |   10.267|
b<0>           |y<0>           |   11.981|
b<0>           |y<1>           |   12.027|
b<0>           |y<2>           |   11.726|
b<0>           |y<3>           |   12.222|
b<0>           |y<4>           |   12.529|
b<0>           |y<5>           |   12.309|
b<0>           |y<6>           |   12.026|
b<0>           |y<7>           |   12.569|
b<0>           |y<8>           |   12.469|
b<0>           |y<9>           |   11.791|
b<0>           |y<10>          |   11.583|
b<0>           |y<11>          |   10.785|
b<1>           |y<0>           |   11.985|
b<1>           |y<1>           |   12.031|
b<1>           |y<2>           |   11.730|
b<1>           |y<3>           |   12.226|
b<1>           |y<4>           |   12.533|
b<1>           |y<5>           |   12.313|
b<1>           |y<6>           |   12.030|
b<1>           |y<7>           |   12.573|
b<1>           |y<8>           |   12.473|
b<1>           |y<9>           |   11.795|
b<1>           |y<10>          |   11.587|
b<1>           |y<11>          |   10.789|
b<2>           |y<0>           |   12.481|
b<2>           |y<1>           |   12.527|
b<2>           |y<2>           |   12.226|
b<2>           |y<3>           |   12.722|
b<2>           |y<4>           |   13.029|
b<2>           |y<5>           |   12.809|
b<2>           |y<6>           |   12.526|
b<2>           |y<7>           |   13.069|
b<2>           |y<8>           |   12.969|
b<2>           |y<9>           |   12.291|
b<2>           |y<10>          |   12.083|
b<2>           |y<11>          |   11.285|
b<3>           |y<0>           |   12.486|
b<3>           |y<1>           |   12.532|
b<3>           |y<2>           |   12.231|
b<3>           |y<3>           |   12.727|
b<3>           |y<4>           |   13.034|
b<3>           |y<5>           |   12.814|
b<3>           |y<6>           |   12.531|
b<3>           |y<7>           |   13.074|
b<3>           |y<8>           |   12.974|
b<3>           |y<9>           |   12.296|
b<3>           |y<10>          |   12.088|
b<3>           |y<11>          |   11.290|
b<4>           |y<0>           |   12.077|
b<4>           |y<1>           |   12.123|
b<4>           |y<2>           |   11.822|
b<4>           |y<3>           |   12.318|
b<4>           |y<4>           |   12.625|
b<4>           |y<5>           |   12.405|
b<4>           |y<6>           |   12.122|
b<4>           |y<7>           |   12.665|
b<4>           |y<8>           |   12.565|
b<4>           |y<9>           |   11.887|
b<4>           |y<10>          |   11.679|
b<4>           |y<11>          |   10.881|
b<5>           |y<0>           |   12.350|
b<5>           |y<1>           |   12.396|
b<5>           |y<2>           |   12.095|
b<5>           |y<3>           |   12.591|
b<5>           |y<4>           |   12.898|
b<5>           |y<5>           |   12.678|
b<5>           |y<6>           |   12.395|
b<5>           |y<7>           |   12.938|
b<5>           |y<8>           |   12.838|
b<5>           |y<9>           |   12.160|
b<5>           |y<10>          |   11.952|
b<5>           |y<11>          |   11.154|
b<6>           |y<0>           |   12.117|
b<6>           |y<1>           |   12.163|
b<6>           |y<2>           |   11.862|
b<6>           |y<3>           |   12.358|
b<6>           |y<4>           |   12.665|
b<6>           |y<5>           |   12.445|
b<6>           |y<6>           |   12.162|
b<6>           |y<7>           |   12.705|
b<6>           |y<8>           |   12.605|
b<6>           |y<9>           |   11.927|
b<6>           |y<10>          |   11.719|
b<6>           |y<11>          |   10.921|
b<7>           |y<0>           |   12.122|
b<7>           |y<1>           |   12.168|
b<7>           |y<2>           |   11.867|
b<7>           |y<3>           |   12.363|
b<7>           |y<4>           |   12.670|
b<7>           |y<5>           |   12.450|
b<7>           |y<6>           |   12.167|
b<7>           |y<7>           |   12.710|
b<7>           |y<8>           |   12.610|
b<7>           |y<9>           |   11.932|
b<7>           |y<10>          |   11.724|
b<7>           |y<11>          |   10.926|
b<8>           |y<0>           |   11.857|
b<8>           |y<1>           |   11.903|
b<8>           |y<2>           |   11.602|
b<8>           |y<3>           |   12.098|
b<8>           |y<4>           |   12.405|
b<8>           |y<5>           |   12.185|
b<8>           |y<6>           |   11.902|
b<8>           |y<7>           |   12.445|
b<8>           |y<8>           |   12.345|
b<8>           |y<9>           |   11.667|
b<8>           |y<10>          |   11.459|
b<8>           |y<11>          |   10.661|
b<9>           |y<0>           |   12.012|
b<9>           |y<1>           |   12.058|
b<9>           |y<2>           |   11.757|
b<9>           |y<3>           |   12.253|
b<9>           |y<4>           |   12.560|
b<9>           |y<5>           |   12.340|
b<9>           |y<6>           |   12.057|
b<9>           |y<7>           |   12.600|
b<9>           |y<8>           |   12.500|
b<9>           |y<9>           |   11.822|
b<9>           |y<10>          |   11.614|
b<9>           |y<11>          |   10.816|
b<10>          |y<0>           |   12.017|
b<10>          |y<1>           |   12.063|
b<10>          |y<2>           |   11.762|
b<10>          |y<3>           |   12.258|
b<10>          |y<4>           |   12.565|
b<10>          |y<5>           |   12.345|
b<10>          |y<6>           |   12.062|
b<10>          |y<7>           |   12.605|
b<10>          |y<8>           |   12.505|
b<10>          |y<9>           |   11.827|
b<10>          |y<10>          |   11.619|
b<10>          |y<11>          |   10.821|
b<11>          |y<0>           |   11.774|
b<11>          |y<1>           |   11.820|
b<11>          |y<2>           |   11.560|
b<11>          |y<3>           |   12.051|
b<11>          |y<4>           |   12.363|
b<11>          |y<5>           |   12.143|
b<11>          |y<6>           |   11.860|
b<11>          |y<7>           |   12.403|
b<11>          |y<8>           |   12.303|
b<11>          |y<9>           |   11.625|
b<11>          |y<10>          |   11.417|
b<11>          |y<11>          |   10.578|
mode<0>        |y<0>           |    9.388|
mode<0>        |y<1>           |    9.434|
mode<0>        |y<2>           |    9.133|
mode<0>        |y<3>           |    9.629|
mode<0>        |y<4>           |    9.545|
mode<0>        |y<5>           |    9.384|
mode<0>        |y<6>           |    9.070|
mode<0>        |y<7>           |    9.578|
mode<0>        |y<8>           |    9.684|
mode<0>        |y<9>           |    8.903|
mode<0>        |y<10>          |    8.948|
mode<0>        |y<11>          |    7.751|
mode<1>        |y<0>           |    9.583|
mode<1>        |y<1>           |    9.629|
mode<1>        |y<2>           |    9.328|
mode<1>        |y<3>           |    9.824|
mode<1>        |y<4>           |   10.060|
mode<1>        |y<5>           |    9.840|
mode<1>        |y<6>           |    9.557|
mode<1>        |y<7>           |   10.100|
mode<1>        |y<8>           |   10.000|
mode<1>        |y<9>           |    9.322|
mode<1>        |y<10>          |    9.143|
mode<1>        |y<11>          |    7.883|
---------------+---------------+---------+


Analysis completed Sun Aug 31 18:35:14 2014 
--------------------------------------------------------------------------------

Trace Settings:
-------------------------
Trace Settings 

Peak Memory Usage: 134 MB



