--------------------------------------------------------------------------------
Release 14.6 Trace  (nt64)
Copyright (c) 1995-2013 Xilinx, Inc.  All rights reserved.

C:\Xilinx\14.6\ISE_DS\ISE\bin\nt64\unwrapped\trce.exe -intstyle ise -v 3 -s 5
-n 3 -fastpaths -xml uart_rx.twx uart_rx.ncd -o uart_rx.twr uart_rx.pcf

Design file:              uart_rx.ncd
Physical constraint file: uart_rx.pcf
Device,package,speed:     xc3s100e,cp132,-5 (PRODUCTION 1.27 2013-06-08)
Report level:             verbose report

Environment Variable      Effect 
--------------------      ------ 
NONE                      No environment variables were set
--------------------------------------------------------------------------------

INFO:Timing:2698 - No timing constraints found, doing default enumeration.
INFO:Timing:3412 - To improve timing, see the Timing Closure User Guide (UG612).
INFO:Timing:2752 - To get complete path coverage, use the unconstrained paths 
   option. All paths that are not constrained will be reported in the 
   unconstrained paths section(s) of the report.
INFO:Timing:3339 - The clock-to-out numbers in this timing report are based on 
   a 50 Ohm transmission line loading model.  For the details of this model, 
   and for more information on accounting for different loading conditions, 
   please see the device datasheet.
INFO:Timing:3390 - This architecture does not support a default System Jitter 
   value, please add SYSTEM_JITTER constraint to the UCF to modify the Clock 
   Uncertainty calculation.
INFO:Timing:3389 - This architecture does not support 'Discrete Jitter' and 
   'Phase Error' calculations, these terms will be zero in the Clock 
   Uncertainty calculation.  Please make appropriate modification to 
   SYSTEM_JITTER to account for the unsupported Discrete Jitter and Phase 
   Error.



Data Sheet report:
-----------------
All values displayed in nanoseconds (ns)

Setup/Hold to clock clk
------------+------------+------------+------------------+--------+
            |Max Setup to|Max Hold to |                  | Clock  |
Source      | clk (edge) | clk (edge) |Internal Clock(s) | Phase  |
------------+------------+------------+------------------+--------+
addr<0>     |    5.555(R)|   -0.067(R)|clk_BUFGP         |   0.000|
addr<1>     |    5.441(R)|   -0.319(R)|clk_BUFGP         |   0.000|
addr<2>     |    5.150(R)|   -0.577(R)|clk_BUFGP         |   0.000|
din<0>      |    0.443(R)|    1.151(R)|clk_BUFGP         |   0.000|
din<1>      |   -0.113(R)|    1.181(R)|clk_BUFGP         |   0.000|
din<2>      |   -0.093(R)|    1.165(R)|clk_BUFGP         |   0.000|
din<3>      |    0.072(R)|    1.033(R)|clk_BUFGP         |   0.000|
din<4>      |   -0.031(R)|    1.116(R)|clk_BUFGP         |   0.000|
din<5>      |    0.209(R)|    0.923(R)|clk_BUFGP         |   0.000|
din<6>      |    0.187(R)|    0.941(R)|clk_BUFGP         |   0.000|
din<7>      |    0.385(R)|    0.782(R)|clk_BUFGP         |   0.000|
rden        |    6.513(R)|   -1.922(R)|clk_BUFGP         |   0.000|
rxin        |    2.045(R)|    0.673(R)|clk_BUFGP         |   0.000|
wren        |    1.169(R)|    0.483(R)|clk_BUFGP         |   0.000|
------------+------------+------------+------------------+--------+

Clock clk to Pad
------------+------------+------------------+--------+
            | clk (edge) |                  | Clock  |
Destination |   to PAD   |Internal Clock(s) | Phase  |
------------+------------+------------------+--------+
dout<0>     |   10.223(R)|clk_BUFGP         |   0.000|
dout<1>     |   10.332(R)|clk_BUFGP         |   0.000|
dout<2>     |    9.518(R)|clk_BUFGP         |   0.000|
dout<3>     |    9.187(R)|clk_BUFGP         |   0.000|
dout<4>     |    9.145(R)|clk_BUFGP         |   0.000|
dout<5>     |    8.620(R)|clk_BUFGP         |   0.000|
dout<6>     |    8.970(R)|clk_BUFGP         |   0.000|
dout<7>     |    9.043(R)|clk_BUFGP         |   0.000|
dout<8>     |    9.201(R)|clk_BUFGP         |   0.000|
------------+------------+------------------+--------+

Clock to Setup on destination clock clk
---------------+---------+---------+---------+---------+
               | Src:Rise| Src:Fall| Src:Rise| Src:Fall|
Source Clock   |Dest:Rise|Dest:Rise|Dest:Fall|Dest:Fall|
---------------+---------+---------+---------+---------+
clk            |    4.949|    2.546|    2.440|         |
---------------+---------+---------+---------+---------+

Pad to Pad
---------------+---------------+---------+
Source Pad     |Destination Pad|  Delay  |
---------------+---------------+---------+
addr<0>        |dout<0>        |    8.350|
addr<0>        |dout<1>        |    8.842|
addr<0>        |dout<2>        |    8.336|
addr<0>        |dout<3>        |    7.632|
addr<0>        |dout<4>        |    7.833|
addr<0>        |dout<5>        |    6.912|
addr<0>        |dout<6>        |    7.936|
addr<0>        |dout<7>        |    7.665|
addr<0>        |dout<8>        |    7.318|
addr<1>        |dout<0>        |    8.731|
addr<1>        |dout<1>        |    9.493|
addr<1>        |dout<2>        |    9.089|
addr<1>        |dout<3>        |    8.174|
addr<1>        |dout<4>        |    7.844|
addr<1>        |dout<5>        |    7.485|
addr<1>        |dout<6>        |    7.981|
addr<1>        |dout<7>        |    7.710|
addr<1>        |dout<8>        |    7.195|
addr<2>        |dout<0>        |    8.428|
addr<2>        |dout<1>        |    8.629|
addr<2>        |dout<2>        |    9.244|
addr<2>        |dout<3>        |    8.331|
addr<2>        |dout<4>        |    7.624|
addr<2>        |dout<5>        |    6.692|
addr<2>        |dout<6>        |    8.284|
addr<2>        |dout<7>        |    7.006|
addr<2>        |dout<8>        |    7.175|
rden           |dout<0>        |    8.441|
rden           |dout<1>        |    9.159|
rden           |dout<2>        |    8.532|
rden           |dout<3>        |    7.409|
rden           |dout<4>        |    7.697|
rden           |dout<5>        |    7.132|
rden           |dout<6>        |    7.324|
rden           |dout<7>        |    7.467|
---------------+---------------+---------+


Analysis completed Sun Nov 02 20:26:03 2014 
--------------------------------------------------------------------------------

Trace Settings:
-------------------------
Trace Settings 

Peak Memory Usage: 168 MB



